
> applet@0.1.0 build
> next build

Ôû▓ Next.js 16.1.6 (Turbopack)
- Environments: .env.local

  Creating an optimized production build ...
node.exe : 
No linha:1 caractere:1
+ & "C:\Program 
Files\nodejs/node.exe" 
"C:\Program 
Files\nodejs/node_mo 
...
+ ~~~~~~~~~~~~~~~~~~~~~
~~~~~~~~~~~~~~~~~~~~~~~
~~~~~~~~~~~~~~~~~~~~~~~
~~
    + CategoryInfo     
         : NotSpecifi  
  ed: (:String) [],    
 RemoteException
    + FullyQualifiedEr 
   rorId : NativeComm  
  andError
 
> Build error occurred
Error: Turbopack build 
failed with 1 errors:
./app/api/download/rout
e.ts:6:14
Next.js can't 
recognize the exported 
`dynamic` field in 
route. It needs to be 
a static string.
[0m [90m 4 |[39m 
[36mconst[39m 
isStaticExport 
[33m=[39m process[33
m.[39menv[33m.[39m[
33mNEXT_PUBLIC_STATIC_E
XPORT[39m 
[33m===[39m [32m'tru
e'[39m[33m;[39m
 [90m 5 |[39m
[31m[1m>[22m[39m[9
0m 6 |[39m 
[36mexport[39m 
[36mconst[39m 
dynamic [33m=[39m 
isStaticExport 
[33m?[39m 
[32m'auto'[39m 
[33m:[39m [32m'force
-dynamic'[39m[33m;[3
9m
 [90m   |[39m        
      [31m[1m^[22m[
39m[31m[1m^[22m[39m
[31m[1m^[22m[39m[3
1m[1m^[22m[39m[31m
[1m^[22m[39m[31m[1m
^[22m[39m[31m[1m^[
22m[39m[31m[1m^[22m
[39m[31m[1m^[22m[3
9m[31m[1m^[22m[39m
[31m[1m^[22m[39m[31
m[1m^[22m[39m[31m[
1m^[22m[39m[31m[1m^
[22m[39m[31m[1m^[2
2m[39m[31m[1m^[22m
[39m[31m[1m^[22m[39
m[31m[1m^[22m[39m[
31m[1m^[22m[39m[31m
[1m^[22m[39m[31m[1
m^[22m[39m[31m[1m^
[22m[39m[31m[1m^[22
m[39m[31m[1m^[22m[
39m[31m[1m^[22m[39m
[31m[1m^[22m[39m[3
1m[1m^[22m[39m[31m
[1m^[22m[39m[31m[1m
^[22m[39m[31m[1m^[
22m[39m[31m[1m^[22m
[39m[31m[1m^[22m[3
9m[31m[1m^[22m[39m
[31m[1m^[22m[39m[31
m[1m^[22m[39m[31m[
1m^[22m[39m[31m[1m^
[22m[39m[31m[1m^[2
2m[39m[31m[1m^[22m
[39m[31m[1m^[22m[39
m[31m[1m^[22m[39m[
31m[1m^[22m[39m[31m
[1m^[22m[39m[31m[1
m^[22m[39m[31m[1m^
[22m[39m[31m[1m^[22
m[39m[31m[1m^[22m[
39m[31m[1m^[22m[39m
[31m[1m^[22m[39m[3
1m[1m^[22m[39m[31m
[1m^[22m[39m
 [90m 7 |[39m 
[36mexport[39m 
[36mconst[39m 
runtime [33m=[39m [3
2m'nodejs'[39m[33m;[
39m
 [90m 8 |[39m
 [90m 9 |[39m 
[36mexport[39m 
[36masync[39m 
[36mfunction[39m 
[33mGET[39m() {[0m

The exported 
configuration object 
in a source file needs 
to have a very 
specific format from 
which some properties 
can be statically 
parsed at 
compiled-time.

https://nextjs.org/docs
/app/api-reference/file
-conventions/route-segm
ent-config


    at <unknown> (./app
/api/download/route.ts:
6:14)
    at <unknown> (https
://nextjs.org/docs/app/
api-reference/file-conv
entions/route-segment-c
onfig)
